// Jest Snapshot v1, https://goo.gl/fbAQLP

exports[`<Home /> should render 1`] = `
<div>
  <div>
    Hello
  </div>
</div>
`;
